 Volume in drive F is WORK
 Volume Serial Number is 8EF5-EAEF

 Directory of F:\Development\pdfxchange\Editor\_build\Common\LeadTools\Fonts

20.08.2019  16:47    <DIR>          .
20.08.2019  16:47    <DIR>          ..
20.08.2019  16:47                 0 1.lst
17.04.2018  22:42            24ÿ388 lt-c85.rra
17.04.2018  22:42            24ÿ960 lt-c86.rra
17.04.2018  22:42            25ÿ000 lt-c87.rra
17.04.2018  22:42            94ÿ876 lt-c95.rra
17.04.2018  22:42            97ÿ756 lt-c96.rra
17.04.2018  22:42           106ÿ820 lt-c97.rra
17.04.2018  22:42            98ÿ248 lt-ca4.rra
04.08.2011  01:50            24ÿ388 lt-couriercode-bold.ttf
04.08.2011  01:50            24ÿ960 lt-couriercode-bolditalic.ttf
04.08.2011  01:49            25ÿ000 lt-couriercode-italic.ttf
17.04.2018  22:42            24ÿ724 lt-couriercode-roman.ttf
04.04.2016  19:32            94ÿ876 lt-crimsontext-bold.ttf
04.04.2016  19:32            97ÿ756 lt-crimsontext-bolditalic.ttf
04.04.2016  19:32           106ÿ820 lt-crimsontext-italic.ttf
04.04.2016  19:32            98ÿ248 lt-crimsontext-regular.ttf
17.04.2018  22:42         5ÿ415ÿ724 lt-d121.rra
17.04.2018  22:42            35ÿ688 lt-d123.rra
17.04.2018  22:42           355ÿ692 lt-da5.rra
17.04.2018  22:42           347ÿ064 lt-db3.rra
17.04.2018  22:42           345ÿ612 lt-db5.rra
17.04.2018  22:42           379ÿ740 lt-dc3.rra
01.04.2016  12:13           355ÿ692 lt-dejavuserif-bold.ttf
01.04.2016  12:13           347ÿ064 lt-dejavuserif-bolditalic.ttf
01.04.2016  12:13           345ÿ612 lt-dejavuserif-italic.ttf
01.04.2016  12:13           379ÿ740 lt-dejavuserif.ttf
07.04.2016  04:06         5ÿ415ÿ724 lt-droidsansfallbackfull.ttc
23.04.2016  12:37            35ÿ688 lt-droidsansthai.ttf
17.04.2018  22:42           261ÿ780 lt-e122.rra
07.02.2016  21:06           261ÿ780 lt-ebgaramondsc08-regular.ttf
17.04.2018  22:42           353ÿ936 lt-l130.rra
17.04.2018  22:42           349ÿ724 lt-l132.rra
17.04.2018  22:42           355ÿ608 lt-l140.rra
17.04.2018  22:42           350ÿ200 lt-l150.rra
17.04.2018  22:42           365ÿ112 lt-l152.rra
17.04.2018  22:42           371ÿ060 lt-l15f.rra
17.04.2018  22:42           370ÿ968 lt-l161.rra
17.04.2018  22:42           388ÿ352 lt-l16f.rra
04.10.2012  22:24           353ÿ936 lt-liberationsans-bold.ttf
04.10.2012  22:24           349ÿ724 lt-liberationsans-bolditalic.ttf
04.10.2012  22:24           355ÿ608 lt-liberationsans-italic.ttf
04.10.2012  22:24           350ÿ200 lt-liberationsans-regular.ttf
04.10.2012  22:24           365ÿ112 lt-liberationserif-bold.ttf
04.10.2012  22:24           371ÿ060 lt-liberationserif-bolditalic.ttf
04.10.2012  22:24           370ÿ968 lt-liberationserif-italic.ttf
04.10.2012  22:24           388ÿ352 lt-liberationserif-regular.ttf
17.04.2018  22:42           487ÿ720 lt-p17e.rra
17.04.2018  22:42           396ÿ212 lt-p180.rra
07.04.2016  00:34           487ÿ720 lt-pt_sans-narrow-bold.ttf
07.04.2016  00:34           396ÿ212 lt-pt_sans-narrow-regular.ttf
17.04.2018  22:42           114ÿ752 lt-r18e.rra
17.04.2018  22:42           122ÿ808 lt-r190.rra
17.04.2018  22:42           120ÿ832 lt-r191.rra
17.04.2018  22:42           114ÿ624 lt-r19e.rra
04.03.2016  11:45           114ÿ752 lt-robotomono-bold.ttf
04.03.2016  11:45           122ÿ808 lt-robotomono-bolditalic.ttf
04.03.2016  11:45           120ÿ832 lt-robotomono-italic.ttf
04.03.2016  11:45           114ÿ624 lt-robotomono-regular.ttf
17.04.2018  22:42           150ÿ652 lt-t19f.rra
17.04.2018  22:42           158ÿ400 lt-t1a0.rra
17.04.2018  22:42           161ÿ012 lt-t1ae.rra
17.04.2018  22:42           157ÿ928 lt-t1af.rra
23.02.2008  05:03           150ÿ652 lt-texgyrebonum-bold.otf
23.02.2008  05:03           158ÿ400 lt-texgyrebonum-bolditalic.otf
23.02.2008  05:03           161ÿ012 lt-texgyrebonum-italic.otf
23.02.2008  05:03           157ÿ928 lt-texgyrebonum-regular.otf
17.04.2018  22:42            65ÿ932 lt-v1ae.rra
17.04.2018  22:42            58ÿ716 lt-v1bd.rra
17.04.2003  01:02            65ÿ932 lt-vera.ttf
17.04.2003  01:02            58ÿ716 lt-verabd.ttf
17.04.2018  22:42            63ÿ208 lt-verabi.ttf
17.04.2018  22:42            63ÿ684 lt-verait.ttf
              72 File(s)     25ÿ407ÿ408 bytes
               2 Dir(s)  568ÿ875ÿ769ÿ856 bytes free
